Walrus에서 기억 로드: blobId=Hiq56TNpx_GIqNYCJoM8-fgrmF2lHZoq4iOGTkAguUg (9건)

═══ day 3 판정 (Walrus replay) ═══

▶ 0x1d0bb9ab7409b943d740f21b4cd359387ccb1477fc9d92369e7ae84d54d09249
  과거 기록 2건 로드 (day 1, 2)
  오늘 제출: 벨만-포드 알고리즘을 공부하고 음수 사이클 판별 로직을 구현했다. 어제 만든 다익스트라와 같은 그래프로 결과를 비교해 음수 간선에서 차이가 나는 것을 확인했다.
  판정: PASS
  근거: 벨만-포드 알고리즘과 음수 사이클 판별이라는 새로운 주제를 다루었으며, 이전 제출(다익스트라)과 연계하여 비교 실험까지 수행한 구체적인 내용이 담겨 있다. 과거 제출과 실질적으로 다른 학습 내용이다.

▶ 0xdf8989618416814503a001b5799f8f11059088ac0ba7d9b1b20cf50e6bbee71b
  과거 기록 2건 로드 (day 1, 2)
  오늘 제출: 운영체제 7장 메모리 관리를 공부했다. 페이징과 세그멘테이션의 차이, TLB 적중률에 따른 유효 접근 시간 계산 문제 3개를 풀었다.
  판정: PASS
  근거: 오늘 제출은 운영체제 7장 메모리 관리(페이징, 세그멘테이션, TLB 계산)로, 과거 제출(6장 교착상태)과 명확히 다른 새로운 내용을 구체적으로 서술하고 있다.

▶ 0xca849b28f4729eb7dfe03cd6facb35f269e24497816f801ba71de81e424d1bdb
  과거 기록 2건 로드 (day 1, 2)
  오늘 제출: 확통 조건부확률 파트를 학습했다. 베이즈 정리가 어떻게 유도되는지 정리했고, 검사 결과가 양성일 때 실제로 병에 걸렸을 확률을 구하는 문제 다섯 개를 풀어봤다.
  판정: FAIL
  근거: 오늘 제출은 Day 1의 내용(조건부확률, 베이즈 정리 유도, 질병 검사 양성 사후확률 계산 5문제)과 사실상 동일한 내용을 재서술한 것으로 판단된다.

═══ 결과 ═══
FAIL 명단: 
  - 0xca849b28f4729eb7dfe03cd6facb35f269e24497816f801ba71de81e424d1bdb

